      Direct assignment to the forward side of a many-to-many set is prohibited. Use groups.set() instead.
      Direct assignment to the forward side of a many-to-many set is prohibited. Use groups.set() instead.
      Direct assignment to the forward side of a many-to-many set is prohibited. Use groups.set() instead.
      Cannot assign "252": "BillOfMaterial.item_id" must be a "Item" instance.
      Cannot assign "252": "BillOfMaterial.item_id" must be a "Item" instance.
      Cannot assign "252": "BillOfMaterial.item_id" must be a "Item" instance.
DEBUG 2026-02-10 17:47:37,259 line_item_service Created pending inventory record: 21 for item 7, qty=2.0, type=PP
DEBUG 2026-02-10 17:47:37,283 line_item_service Created pending inventory record: 22 for item 10, qty=7.0, type=PP
DEBUG 2026-02-10 17:47:37,309 line_item_service Created pending inventory record: 23 for item 3, qty=2.0, type=PP
DEBUG 2026-02-10 17:47:37,328 line_item_service Created pending inventory record: 24 for item 6, qty=2.0, type=PP
DEBUG 2026-02-10 17:47:37,362 line_item_service Created pending inventory record: 25 for item 8, qty=1.0, type=PP
DEBUG 2026-02-10 17:47:37,391 line_item_service Created pending inventory record: 26 for item 5, qty=9.0, type=PP
DEBUG 2026-02-10 17:47:37,420 line_item_service Created pending inventory record: 27 for item 3, qty=9.0, type=PP
DEBUG 2026-02-10 17:47:37,465 line_item_service Created pending inventory record: 28 for item 1, qty=7.0, type=PP
DEBUG 2026-02-10 17:47:37,484 line_item_service Created pending inventory record: 29 for item 8, qty=7.0, type=PP
DEBUG 2026-02-10 17:47:37,545 line_item_service Created pending inventory record: 30 for item 10, qty=1.0, type=PP
DEBUG 2026-02-10 17:47:37,613 line_item_service Created pending inventory record: 31 for item 9, qty=10.0, type=PP
DEBUG 2026-02-10 17:47:37,631 line_item_service Created pending inventory record: 32 for item 4, qty=4.0, type=PP
DEBUG 2026-02-10 17:47:37,644 line_item_service Created pending inventory record: 33 for item 2, qty=6.0, type=PP
DEBUG 2026-02-10 17:47:37,667 line_item_service Created pending inventory record: 34 for item 8, qty=1.0, type=PP
DEBUG 2026-02-10 17:47:37,685 line_item_service Created pending inventory record: 35 for item 9, qty=4.0, type=PP
DEBUG 2026-02-10 17:47:37,698 line_item_service Created pending inventory record: 36 for item 4, qty=2.0, type=PP
DEBUG 2026-02-10 17:47:37,710 line_item_service Created pending inventory record: 37 for item 4, qty=3.0, type=PP
DEBUG 2026-02-10 17:47:37,721 line_item_service Created pending inventory record: 38 for item 10, qty=8.0, type=PP
DEBUG 2026-02-10 17:47:37,732 line_item_service Created pending inventory record: 39 for item 6, qty=5.0, type=PP
DEBUG 2026-02-10 17:47:37,743 line_item_service Created pending inventory record: 40 for item 5, qty=7.0, type=PP
DEBUG 2026-02-10 17:47:37,756 line_item_service Created pending inventory record: 41 for item 1, qty=4.0, type=PP
DEBUG 2026-02-10 17:47:37,770 line_item_service Created pending inventory record: 42 for item 1, qty=2.0, type=PP
DEBUG 2026-02-10 17:47:37,784 line_item_service Created pending inventory record: 43 for item 4, qty=1.0, type=PP
DEBUG 2026-02-10 17:47:37,799 line_item_service Created pending inventory record: 44 for item 8, qty=9.0, type=PP
DEBUG 2026-02-10 17:47:37,809 line_item_service Created pending inventory record: 45 for item 10, qty=6.0, type=PP
DEBUG 2026-02-10 17:47:37,826 line_item_service Created pending inventory record: 46 for item 9, qty=5.0, type=PP
DEBUG 2026-02-10 17:47:37,869 line_item_service Created pending inventory record: 47 for item 3, qty=5.0, type=PP
DEBUG 2026-02-10 17:47:37,883 line_item_service Created pending inventory record: 48 for item 8, qty=1.0, type=PP
DEBUG 2026-02-10 17:47:37,904 line_item_service Created pending inventory record: 49 for item 8, qty=2.0, type=PP
DEBUG 2026-02-10 17:47:37,925 line_item_service Created pending inventory record: 50 for item 9, qty=10.0, type=PP
DEBUG 2026-02-10 17:47:37,938 line_item_service Created pending inventory record: 51 for item 9, qty=3.0, type=PP
DEBUG 2026-02-10 17:47:37,953 line_item_service Created pending inventory record: 52 for item 6, qty=9.0, type=PP
DEBUG 2026-02-10 17:47:37,965 line_item_service Created pending inventory record: 53 for item 1, qty=9.0, type=PP
DEBUG 2026-02-10 17:47:37,975 line_item_service Created pending inventory record: 54 for item 2, qty=8.0, type=PP
DEBUG 2026-02-10 17:47:37,985 line_item_service Created pending inventory record: 55 for item 3, qty=10.0, type=PP
DEBUG 2026-02-10 17:47:38,003 line_item_service Created pending inventory record: 56 for item 2, qty=10.0, type=PP
DEBUG 2026-02-10 17:47:38,045 line_item_service Created pending inventory record: 57 for item 5, qty=6.0, type=PP
DEBUG 2026-02-10 17:47:38,080 line_item_service Created pending inventory record: 58 for item 9, qty=5.0, type=PP
DEBUG 2026-02-10 17:47:38,118 line_item_service Created pending inventory record: 59 for item 4, qty=2.0, type=PP
DEBUG 2026-02-10 17:47:38,134 line_item_service Created pending inventory record: 60 for item 1, qty=2.0, type=PP
DEBUG 2026-02-10 17:47:38,158 line_item_service Created pending inventory record: 61 for item 7, qty=4.0, type=PP
DEBUG 2026-02-10 17:47:38,185 line_item_service Created pending inventory record: 62 for item 8, qty=9.0, type=PP
DEBUG 2026-02-10 17:47:38,201 line_item_service Created pending inventory record: 63 for item 9, qty=2.0, type=PP
DEBUG 2026-02-10 17:47:38,223 line_item_service Created pending inventory record: 64 for item 5, qty=3.0, type=PP
DEBUG 2026-02-10 17:47:38,242 line_item_service Created pending inventory record: 65 for item 4, qty=7.0, type=PP
DEBUG 2026-02-10 17:47:38,257 line_item_service Created pending inventory record: 66 for item 2, qty=8.0, type=PP
DEBUG 2026-02-10 17:47:38,274 line_item_service Created pending inventory record: 67 for item 3, qty=8.0, type=PP
DEBUG 2026-02-10 17:47:38,355 line_item_service Created pending inventory record: 68 for item 6, qty=9.0, type=PP
DEBUG 2026-02-10 17:47:38,374 line_item_service Created pending inventory record: 69 for item 3, qty=2.0, type=PP
DEBUG 2026-02-10 17:47:38,390 line_item_service Created pending inventory record: 70 for item 5, qty=2.0, type=PP
DEBUG 2026-02-10 17:47:38,414 line_item_service Created pending inventory record: 71 for item 4, qty=8.0, type=PP
DEBUG 2026-02-10 17:47:38,431 line_item_service Created pending inventory record: 72 for item 6, qty=4.0, type=PP
DEBUG 2026-02-10 17:47:38,479 line_item_service Created pending inventory record: 73 for item 6, qty=9.0, type=PP
DEBUG 2026-02-10 17:47:38,505 line_item_service Created pending inventory record: 74 for item 4, qty=1.0, type=PP
DEBUG 2026-02-10 17:47:38,522 line_item_service Created pending inventory record: 75 for item 5, qty=6.0, type=IN
DEBUG 2026-02-10 17:47:38,531 line_item_service Created pending inventory record: 76 for item 10, qty=8.0, type=IN
DEBUG 2026-02-10 17:47:38,539 line_item_service Created pending inventory record: 77 for item 2, qty=2.0, type=IN
DEBUG 2026-02-10 17:47:38,547 line_item_service Created pending inventory record: 78 for item 8, qty=8.0, type=IN
DEBUG 2026-02-10 17:47:38,555 line_item_service Created pending inventory record: 79 for item 9, qty=7.0, type=IN
DEBUG 2026-02-10 17:47:38,563 line_item_service Created pending inventory record: 80 for item 8, qty=7.0, type=IN
DEBUG 2026-02-10 17:47:38,570 line_item_service Created pending inventory record: 81 for item 8, qty=8.0, type=IN
DEBUG 2026-02-10 17:47:38,580 line_item_service Created pending inventory record: 82 for item 1, qty=1.0, type=IN
DEBUG 2026-02-10 17:47:38,588 line_item_service Created pending inventory record: 83 for item 6, qty=7.0, type=IN
DEBUG 2026-02-10 17:47:38,595 line_item_service Created pending inventory record: 84 for item 7, qty=7.0, type=IN
DEBUG 2026-02-10 17:47:38,604 line_item_service Created pending inventory record: 85 for item 4, qty=7.0, type=IN
DEBUG 2026-02-10 17:47:38,612 line_item_service Created pending inventory record: 86 for item 10, qty=7.0, type=IN
DEBUG 2026-02-10 17:47:38,622 line_item_service Created pending inventory record: 87 for item 3, qty=10.0, type=IN
DEBUG 2026-02-10 17:47:38,630 line_item_service Created pending inventory record: 88 for item 2, qty=10.0, type=IN
DEBUG 2026-02-10 17:47:38,637 line_item_service Created pending inventory record: 89 for item 4, qty=4.0, type=IN
DEBUG 2026-02-10 17:47:38,645 line_item_service Created pending inventory record: 90 for item 8, qty=7.0, type=IN
DEBUG 2026-02-10 17:47:38,657 line_item_service Created pending inventory record: 91 for item 2, qty=5.0, type=IN
DEBUG 2026-02-10 17:47:38,688 line_item_service Created pending inventory record: 92 for item 3, qty=9.0, type=IN
DEBUG 2026-02-10 17:47:38,697 line_item_service Created pending inventory record: 93 for item 9, qty=8.0, type=IN
DEBUG 2026-02-10 17:47:38,706 line_item_service Created pending inventory record: 94 for item 5, qty=4.0, type=IN
DEBUG 2026-02-10 17:47:38,713 line_item_service Created pending inventory record: 95 for item 10, qty=9.0, type=IN
DEBUG 2026-02-10 17:47:38,721 line_item_service Created pending inventory record: 96 for item 1, qty=4.0, type=IN
DEBUG 2026-02-10 17:47:38,728 line_item_service Created pending inventory record: 97 for item 1, qty=3.0, type=IN
DEBUG 2026-02-10 17:47:38,750 line_item_service Created pending inventory record: 98 for item 8, qty=6.0, type=IN
DEBUG 2026-02-10 17:47:38,764 line_item_service Created pending inventory record: 99 for item 2, qty=6.0, type=IN
DEBUG 2026-02-10 17:47:38,772 line_item_service Created pending inventory record: 100 for item 3, qty=7.0, type=IN
DEBUG 2026-02-10 17:47:38,778 line_item_service Created pending inventory record: 101 for item 10, qty=9.0, type=IN
DEBUG 2026-02-10 17:47:38,785 line_item_service Created pending inventory record: 102 for item 4, qty=5.0, type=IN
DEBUG 2026-02-10 17:47:38,794 line_item_service Created pending inventory record: 103 for item 9, qty=6.0, type=IN
DEBUG 2026-02-10 17:47:38,802 line_item_service Created pending inventory record: 104 for item 6, qty=6.0, type=IN
DEBUG 2026-02-10 17:47:38,810 line_item_service Created pending inventory record: 105 for item 7, qty=8.0, type=IN
DEBUG 2026-02-10 17:47:38,816 line_item_service Created pending inventory record: 106 for item 5, qty=9.0, type=IN
DEBUG 2026-02-10 17:47:38,825 line_item_service Created pending inventory record: 107 for item 4, qty=1.0, type=IN
DEBUG 2026-02-10 17:47:38,834 line_item_service Created pending inventory record: 108 for item 2, qty=10.0, type=IN
DEBUG 2026-02-10 17:47:38,852 line_item_service Created pending inventory record: 109 for item 2, qty=5.0, type=IN
DEBUG 2026-02-10 17:47:38,864 line_item_service Created pending inventory record: 110 for item 6, qty=4.0, type=IN
DEBUG 2026-02-10 17:47:38,873 line_item_service Created pending inventory record: 111 for item 8, qty=4.0, type=IN
DEBUG 2026-02-10 17:47:38,884 line_item_service Created pending inventory record: 112 for item 7, qty=5.0, type=IN
DEBUG 2026-02-10 17:47:38,891 line_item_service Created pending inventory record: 113 for item 3, qty=5.0, type=IN
DEBUG 2026-02-10 17:47:38,898 line_item_service Created pending inventory record: 114 for item 5, qty=9.0, type=IN
DEBUG 2026-02-10 17:47:38,906 line_item_service Created pending inventory record: 115 for item 4, qty=4.0, type=IN
DEBUG 2026-02-10 17:47:38,922 line_item_service Created pending inventory record: 116 for item 1, qty=7.0, type=IN
DEBUG 2026-02-10 17:47:38,930 line_item_service Created pending inventory record: 117 for item 2, qty=4.0, type=IN
DEBUG 2026-02-10 17:47:38,937 line_item_service Created pending inventory record: 118 for item 10, qty=7.0, type=IN
DEBUG 2026-02-10 17:47:38,944 line_item_service Created pending inventory record: 119 for item 7, qty=1.0, type=IN
DEBUG 2026-02-10 17:47:38,953 line_item_service Created pending inventory record: 120 for item 1, qty=1.0, type=IN
DEBUG 2026-02-10 17:47:38,961 line_item_service Created pending inventory record: 121 for item 5, qty=4.0, type=IN
DEBUG 2026-02-10 17:47:38,970 line_item_service Created pending inventory record: 122 for item 7, qty=10.0, type=IN
DEBUG 2026-02-10 17:47:38,978 line_item_service Created pending inventory record: 123 for item 8, qty=2.0, type=IN
DEBUG 2026-02-10 17:47:38,984 line_item_service Created pending inventory record: 124 for item 3, qty=9.0, type=IN
DEBUG 2026-02-10 17:47:39,066 line_item_service Created pending inventory record: 125 for item 4, qty=9.0, type=WO
DEBUG 2026-02-10 17:47:39,073 line_item_service Created pending inventory record: 126 for item 1, qty=3.0, type=WO
DEBUG 2026-02-10 17:47:39,080 line_item_service Created pending inventory record: 127 for item 2, qty=2.0, type=WO
DEBUG 2026-02-10 17:47:39,086 line_item_service Created pending inventory record: 128 for item 6, qty=5.0, type=WO
DEBUG 2026-02-10 17:47:39,094 line_item_service Created pending inventory record: 129 for item 8, qty=7.0, type=WO
DEBUG 2026-02-10 17:47:39,100 line_item_service Created pending inventory record: 130 for item 10, qty=5.0, type=WO
DEBUG 2026-02-10 17:47:39,106 line_item_service Created pending inventory record: 131 for item 5, qty=8.0, type=WO
DEBUG 2026-02-10 17:47:39,111 line_item_service Created pending inventory record: 132 for item 2, qty=4.0, type=WO
DEBUG 2026-02-10 17:47:39,118 line_item_service Created pending inventory record: 133 for item 5, qty=10.0, type=WO
DEBUG 2026-02-10 17:47:39,126 line_item_service Created pending inventory record: 134 for item 10, qty=7.0, type=WO
DEBUG 2026-02-10 17:47:39,134 line_item_service Created pending inventory record: 135 for item 8, qty=10.0, type=WO
DEBUG 2026-02-10 17:47:39,140 line_item_service Created pending inventory record: 136 for item 6, qty=8.0, type=WO
DEBUG 2026-02-10 17:47:39,145 line_item_service Created pending inventory record: 137 for item 6, qty=6.0, type=WO
DEBUG 2026-02-10 17:47:39,155 line_item_service Created pending inventory record: 138 for item 1, qty=8.0, type=WO
DEBUG 2026-02-10 17:47:39,162 line_item_service Created pending inventory record: 139 for item 5, qty=2.0, type=WO
DEBUG 2026-02-10 17:47:39,168 line_item_service Created pending inventory record: 140 for item 4, qty=5.0, type=WO
DEBUG 2026-02-10 17:47:39,176 line_item_service Created pending inventory record: 141 for item 7, qty=2.0, type=WO
DEBUG 2026-02-10 17:47:39,184 line_item_service Created pending inventory record: 142 for item 2, qty=2.0, type=WO
DEBUG 2026-02-10 17:47:39,200 line_item_service Created pending inventory record: 143 for item 8, qty=5.0, type=WO
DEBUG 2026-02-10 17:47:39,206 line_item_service Created pending inventory record: 144 for item 1, qty=2.0, type=WO
DEBUG 2026-02-10 17:47:39,214 line_item_service Created pending inventory record: 145 for item 2, qty=7.0, type=WO
DEBUG 2026-02-10 17:47:39,219 line_item_service Created pending inventory record: 146 for item 4, qty=10.0, type=WO
DEBUG 2026-02-10 17:47:39,226 line_item_service Created pending inventory record: 147 for item 8, qty=3.0, type=WO
DEBUG 2026-02-10 17:47:39,233 line_item_service Created pending inventory record: 148 for item 2, qty=7.0, type=WO
DEBUG 2026-02-10 17:47:39,243 line_item_service Created pending inventory record: 149 for item 5, qty=7.0, type=WO
DEBUG 2026-02-10 17:47:39,250 line_item_service Created pending inventory record: 150 for item 4, qty=8.0, type=WO
DEBUG 2026-02-10 17:47:39,259 line_item_service Created pending inventory record: 151 for item 6, qty=10.0, type=WO
DEBUG 2026-02-10 17:47:39,267 line_item_service Created pending inventory record: 152 for item 3, qty=8.0, type=WO
DEBUG 2026-02-10 17:47:39,274 line_item_service Created pending inventory record: 153 for item 10, qty=9.0, type=WO
DEBUG 2026-02-10 17:47:39,280 line_item_service Created pending inventory record: 154 for item 9, qty=5.0, type=WO
DEBUG 2026-02-10 17:47:39,287 line_item_service Created pending inventory record: 155 for item 3, qty=5.0, type=WO
DEBUG 2026-02-10 17:47:39,294 line_item_service Created pending inventory record: 156 for item 7, qty=7.0, type=WO
DEBUG 2026-02-10 17:47:39,302 line_item_service Created pending inventory record: 157 for item 1, qty=5.0, type=WO
DEBUG 2026-02-10 17:47:39,307 line_item_service Created pending inventory record: 158 for item 5, qty=2.0, type=WO
DEBUG 2026-02-10 17:47:39,313 line_item_service Created pending inventory record: 159 for item 10, qty=5.0, type=WO
DEBUG 2026-02-10 17:47:39,320 line_item_service Created pending inventory record: 160 for item 8, qty=9.0, type=WO
DEBUG 2026-02-10 17:47:39,326 line_item_service Created pending inventory record: 161 for item 2, qty=7.0, type=WO
DEBUG 2026-02-10 17:47:39,333 line_item_service Created pending inventory record: 162 for item 6, qty=2.0, type=WO
DEBUG 2026-02-10 17:47:39,343 line_item_service Created pending inventory record: 163 for item 3, qty=9.0, type=WO
DEBUG 2026-02-10 17:47:39,351 line_item_service Created pending inventory record: 164 for item 7, qty=7.0, type=WO
DEBUG 2026-02-10 17:47:39,358 line_item_service Created pending inventory record: 165 for item 4, qty=10.0, type=WO
DEBUG 2026-02-10 17:47:39,364 line_item_service Created pending inventory record: 166 for item 5, qty=6.0, type=WO
DEBUG 2026-02-10 17:47:39,370 line_item_service Created pending inventory record: 167 for item 7, qty=10.0, type=WO
DEBUG 2026-02-10 17:47:39,377 line_item_service Created pending inventory record: 168 for item 8, qty=4.0, type=WO
DEBUG 2026-02-10 17:47:39,384 line_item_service Created pending inventory record: 169 for item 2, qty=4.0, type=WO
DEBUG 2026-02-10 17:47:39,411 line_item_service Created pending inventory record: 170 for item 1, qty=6.0, type=WO
DEBUG 2026-02-10 17:47:39,426 line_item_service Created pending inventory record: 171 for item 10, qty=1.0, type=WO
DEBUG 2026-02-10 17:47:39,439 line_item_service Created pending inventory record: 172 for item 3, qty=7.0, type=WO
DEBUG 2026-02-10 17:47:39,446 line_item_service Created pending inventory record: 173 for item 2, qty=2.0, type=WO
DEBUG 2026-02-10 17:47:39,453 line_item_service Created pending inventory record: 174 for item 7, qty=3.0, type=WO
DEBUG 2026-02-10 17:47:39,459 line_item_service Created pending inventory record: 175 for item 3, qty=2.0, type=WO
DEBUG 2026-02-10 17:47:39,468 line_item_service Created pending inventory record: 176 for item 10, qty=2.0, type=WO
DEBUG 2026-02-10 17:47:39,475 line_item_service Created pending inventory record: 177 for item 1, qty=1.0, type=WO

[webClerk3] Data Set: DEV - Development Server
[webClerk3] Database: LOCAL @ localhost:5432/commerce_expert

  Loading currency.json -> accounts.Currency (10 records)...
    Cleared 10 existing records
    ✓ Created: 10, Updated: 0
  Loading exchangerate.json -> accounts.ExchangeRate (10 records)...
    Cleared 10 existing records
    ✓ Created: 10, Updated: 0
  Skipping paymentterm.json (empty)
  Skipping paymentmethod.json (empty)
  Loading warehouse.json -> products.Warehouse (40 records)...
    Cleared 40 existing records
    ✓ Created: 40, Updated: 0
  Loading template.json -> core.Template (10 records)...
    Cleared 10 existing records
    ✓ Created: 10, Updated: 0
  Loading orgbase.json -> orgs.OrgBase (82 records)...
    Cleared 82 existing records
    ✓ Created: 82, Updated: 0
  Loading contact.json -> core.Contact (17 records)...
    ⚠ Created: 0, Updated: 0, Errors: 17
  Loading address.json -> communications.Address (17 records)...
    Cleared 10 existing records
    ✓ Created: 17, Updated: 0
  Loading location.json -> communications.Address (10 records)...
    Cleared 17 existing records
    ✓ Created: 10, Updated: 0
  Loading phone.json -> communications.Phone (12 records)...
    Cleared 12 existing records
    ✓ Created: 12, Updated: 0
  Loading email.json -> communications.Email (59 records)...
    Cleared 59 existing records
    ✓ Created: 59, Updated: 0
  Loading domain.json -> communications.Domain (13 records)...
    Cleared 13 existing records
    ✓ Created: 13, Updated: 0
  Loading catalog.json -> products.Catalog (10 records)...
    Cleared 10 existing records
    ✓ Created: 10, Updated: 0
  Loading item.json -> products.Item (116 records)...
    Cleared 116 existing records
    ✓ Created: 116, Updated: 0
  Loading billofmaterial.json -> products.BillOfMaterial (20 records)...
    ⚠ Created: 0, Updated: 0, Errors: 20
  Loading document.json -> docs.Document (10 records)...
    Cleared 10 existing records
[KEYWORDS] Loaded requirements for 0 models in 0.00s
    ✓ Created: 10, Updated: 0
  Loading project.json -> transactions.Project (15 records)...
    Cleared 15 existing records
    ✓ Created: 15, Updated: 0
  Loading proposal.json -> transactions.Proposal (11 records)...
    Cleared 11 existing records
    ✓ Created: 11, Updated: 0
  Loading invoice.json -> transactions.Invoice (9 records)...
    Cleared 9 existing records
    ✓ Created: 9, Updated: 0
  Loading requisition.json -> transactions.Requisition (20 records)...
    Cleared 20 existing records
    ✓ Created: 20, Updated: 0
  Loading workorder.json -> transactions.WorkOrder (9 records)...
    Cleared 9 existing records
    ✓ Created: 9, Updated: 0
  Skipping payment.json (empty)
  Loading proposalline.json -> transactions.ProposalLine (54 records)...
    ✓ Created: 54, Updated: 0
  Loading invoiceline.json -> transactions.InvoiceLine (50 records)...
    ✓ Created: 50, Updated: 0
  Skipping requisitionline.json (empty)
  Loading workorderline.json -> transactions.WorkOrderLine (53 records)...
    ✓ Created: 53, Updated: 0
  Skipping paymentapplication.json (empty)
  Loading pending.json -> core.Pending (20 records)...
    Cleared 177 existing records
    ✓ Created: 20, Updated: 0
  Loading exchangetransaction.json -> accounts.ExchangeTransaction (10 records)...
    Cleared 10 existing records
    ✓ Created: 10, Updated: 0

Complete: 25 loaded, 5 skipped, 0 failed, 650 records
