
═══ TRACE ENABLED ═══
Watching items: [249, 250, 251]
Log file: /Users/williamjames/Documents/CommerceExpert/webClerk3/logs/trace_20260116_170225.log


======================================================================
  TRANSACTION TRACE LOG
  Started: 2026-01-16 17:02:25
  Items:   [249, 250, 251]
  Log:     /Users/williamjames/Documents/CommerceExpert/webClerk3/logs/trace_20260116_170225.log
======================================================================

┌─────────────────────────────────────────────────────────────────┐
│  LINE ADD  │  17:02:26.322                                           │
└─────────────────────────────────────────────────────────────────┘
  Transaction: workorder #50 (50)
  Item:        #249 (BB100)
  Line PK:     54
  Quantity:    8.0
  Unit Price:  $0.0000
  Unit Cost:   $12.0000

┌─────────────────────────────────────────────────────────────────┐
│  PENDING CREATED  │  17:02:26.446                                    │
└─────────────────────────────────────────────────────────────────┘
  Pending PK:  36
  Purpose:     inventory_line_add
  Type:        WO
  Item:        #249 (BB100)
  Deltas:      {'on_wo': 8.0}

┌─────────────────────────────────────────────────────────────────┐
│  LINE ADD  │  17:02:26.785                                           │
└─────────────────────────────────────────────────────────────────┘
  Transaction: workorder #50 (50)
  Item:        #250 (BB005)
  Line PK:     55
  Quantity:    25.0
  Unit Price:  $0.0000
  Unit Cost:   $7.0000

┌─────────────────────────────────────────────────────────────────┐
│  PENDING CREATED  │  17:02:26.903                                    │
└─────────────────────────────────────────────────────────────────┘
  Pending PK:  37
  Purpose:     inventory_line_add
  Type:        WO
  Item:        #250 (BB005)
  Deltas:      {'on_wo': 25.0}

┌─────────────────────────────────────────────────────────────────┐
│  LINE ADD  │  17:02:27.309                                           │
└─────────────────────────────────────────────────────────────────┘
  Transaction: workorder #50 (50)
  Item:        #251 (BB7F)
  Line PK:     56
  Quantity:    12.0
  Unit Price:  $0.0000
  Unit Cost:   $15.0000

┌─────────────────────────────────────────────────────────────────┐
│  PENDING CREATED  │  17:02:27.431                                    │
└─────────────────────────────────────────────────────────────────┘
  Pending PK:  38
  Purpose:     inventory_line_add
  Type:        WO
  Item:        #251 (BB7F)
  Deltas:      {'on_wo': 12.0}

┌─────────────────────────────────────────────────────────────────┐
│  PENDING PROCESS START  │  17:02:27.675                             │
└─────────────────────────────────────────────────────────────────┘
  Item:        #249 (BB100)
  Records:     1 pending record(s) to process
  Before:
    {'on_hand': 100, 'on_po': 0, 'on_wo': 0, 'on_so': 0, 'invoiced': 0}

┌─────────────────────────────────────────────────────────────────┐
│  PENDING PROCESS COMPLETE  │  17:02:28.022                          │
└─────────────────────────────────────────────────────────────────┘
  Item:        #249 (BB100)
  Applied:     {'on_wo': '+8.0'}
  After:
    {'on_hand': 100, 'on_po': 0.0, 'on_wo': 8.0, 'on_so': 0.0, 'invoiced': 0.0}

┌─────────────────────────────────────────────────────────────────┐
│  PENDING PROCESS START  │  17:02:28.080                             │
└─────────────────────────────────────────────────────────────────┘
  Item:        #250 (BB005)
  Records:     1 pending record(s) to process
  Before:
    {'on_hand': 100, 'on_po': 0, 'on_wo': 0, 'on_so': 0, 'invoiced': 0}

┌─────────────────────────────────────────────────────────────────┐
│  PENDING PROCESS COMPLETE  │  17:02:28.421                          │
└─────────────────────────────────────────────────────────────────┘
  Item:        #250 (BB005)
  Applied:     {'on_wo': '+25.0'}
  After:
    {'on_hand': 100, 'on_po': 0.0, 'on_wo': 25.0, 'on_so': 0.0, 'invoiced': 0.0}

┌─────────────────────────────────────────────────────────────────┐
│  PENDING PROCESS START  │  17:02:28.521                             │
└─────────────────────────────────────────────────────────────────┘
  Item:        #251 (BB7F)
  Records:     1 pending record(s) to process
  Before:
    {'on_hand': 100, 'on_po': 0, 'on_wo': 0, 'on_so': 0, 'invoiced': 0}

┌─────────────────────────────────────────────────────────────────┐
│  PENDING PROCESS COMPLETE  │  17:02:28.882                          │
└─────────────────────────────────────────────────────────────────┘
  Item:        #251 (BB7F)
  Applied:     {'on_wo': '+12.0'}
  After:
    {'on_hand': 100, 'on_po': 0.0, 'on_wo': 12.0, 'on_so': 0.0, 'invoiced': 0.0}

======================================================================
  TRACE ENDED: 2026-01-16 17:02:29
======================================================================
