
═══ TRACE ENABLED ═══
Watching items: [249, 250, 251]
Log file: /Users/williamjames/Documents/CommerceExpert/webClerk3/logs/trace_20260116_165007.log


======================================================================
  TRANSACTION TRACE LOG
  Started: 2026-01-16 16:50:07
  Items:   [249, 250, 251]
  Log:     /Users/williamjames/Documents/CommerceExpert/webClerk3/logs/trace_20260116_165007.log
======================================================================

┌─────────────────────────────────────────────────────────────────┐
│  LINE ADD  │  16:50:09.258                                           │
└─────────────────────────────────────────────────────────────────┘
  Transaction: salesorder #32 (TEST-SO-001)
  Item:        #249 (BB100)
  Line PK:     75
  Quantity:    5.0
  Unit Price:  $0.0000
  Unit Cost:   $0.0000

┌─────────────────────────────────────────────────────────────────┐
│  PENDING CREATED  │  16:50:09.383                                    │
└─────────────────────────────────────────────────────────────────┘
  Pending PK:  21
  Purpose:     inventory_line_add
  Type:        SO
  Item:        #249 (BB100)
  Deltas:      {'on_so': 5.0}

┌─────────────────────────────────────────────────────────────────┐
│  LINE ADD  │  16:50:09.777                                           │
└─────────────────────────────────────────────────────────────────┘
  Transaction: salesorder #32 (TEST-SO-001)
  Item:        #250 (BB005)
  Line PK:     76
  Quantity:    10.0
  Unit Price:  $0.0000
  Unit Cost:   $0.0000

┌─────────────────────────────────────────────────────────────────┐
│  PENDING CREATED  │  16:50:09.893                                    │
└─────────────────────────────────────────────────────────────────┘
  Pending PK:  22
  Purpose:     inventory_line_add
  Type:        SO
  Item:        #250 (BB005)
  Deltas:      {'on_so': 10.0}

┌─────────────────────────────────────────────────────────────────┐
│  LINE ADD  │  16:50:10.365                                           │
└─────────────────────────────────────────────────────────────────┘
  Transaction: salesorder #32 (TEST-SO-001)
  Item:        #251 (BB7F)
  Line PK:     77
  Quantity:    3.0
  Unit Price:  $0.0000
  Unit Cost:   $0.0000

┌─────────────────────────────────────────────────────────────────┐
│  PENDING CREATED  │  16:50:10.486                                    │
└─────────────────────────────────────────────────────────────────┘
  Pending PK:  23
  Purpose:     inventory_line_add
  Type:        SO
  Item:        #251 (BB7F)
  Deltas:      {'on_so': 3.0}

======================================================================
  TRACE ENDED: 2026-01-16 16:50:11
======================================================================
