
═══ TRACE ENABLED ═══
Watching items: [249, 250, 251]
Log file: /Users/williamjames/Documents/CommerceExpert/webClerk3/logs/trace_20260116_165229.log


======================================================================
  TRANSACTION TRACE LOG
  Started: 2026-01-16 16:52:29
  Items:   [249, 250, 251]
  Log:     /Users/williamjames/Documents/CommerceExpert/webClerk3/logs/trace_20260116_165229.log
======================================================================

┌─────────────────────────────────────────────────────────────────┐
│  LINE ADD  │  16:52:31.389                                           │
└─────────────────────────────────────────────────────────────────┘
  Transaction: salesorder #34 (TEST-SO-001)
  Item:        #249 (BB100)
  Line PK:     81
  Quantity:    5.0
  Unit Price:  $0.0000
  Unit Cost:   $0.0000

┌─────────────────────────────────────────────────────────────────┐
│  PENDING CREATED  │  16:52:31.503                                    │
└─────────────────────────────────────────────────────────────────┘
  Pending PK:  27
  Purpose:     inventory_line_add
  Type:        SO
  Item:        #249 (BB100)
  Deltas:      {'on_so': 5.0}

┌─────────────────────────────────────────────────────────────────┐
│  LINE ADD  │  16:52:31.919                                           │
└─────────────────────────────────────────────────────────────────┘
  Transaction: salesorder #34 (TEST-SO-001)
  Item:        #250 (BB005)
  Line PK:     82
  Quantity:    10.0
  Unit Price:  $0.0000
  Unit Cost:   $0.0000

┌─────────────────────────────────────────────────────────────────┐
│  PENDING CREATED  │  16:52:32.029                                    │
└─────────────────────────────────────────────────────────────────┘
  Pending PK:  28
  Purpose:     inventory_line_add
  Type:        SO
  Item:        #250 (BB005)
  Deltas:      {'on_so': 10.0}

┌─────────────────────────────────────────────────────────────────┐
│  LINE ADD  │  16:52:32.688                                           │
└─────────────────────────────────────────────────────────────────┘
  Transaction: salesorder #34 (TEST-SO-001)
  Item:        #251 (BB7F)
  Line PK:     83
  Quantity:    3.0
  Unit Price:  $0.0000
  Unit Cost:   $0.0000

┌─────────────────────────────────────────────────────────────────┐
│  PENDING CREATED  │  16:52:32.845                                    │
└─────────────────────────────────────────────────────────────────┘
  Pending PK:  29
  Purpose:     inventory_line_add
  Type:        SO
  Item:        #251 (BB7F)
  Deltas:      {'on_so': 3.0}

┌─────────────────────────────────────────────────────────────────┐
│  PENDING PROCESS START  │  16:52:33.430                             │
└─────────────────────────────────────────────────────────────────┘
  Item:        #249 (BB100)
  Records:     1 pending record(s) to process
  Before:
    {'on_hand': 100, 'available': 100, 'allocated': 0, 'sell_default': 1, 'purchase_default': 1, 'on_po': 0, 'on_wo': 0, 'on_so': 0, 'invoiced': 0}

┌─────────────────────────────────────────────────────────────────┐
│  PENDING PROCESS COMPLETE  │  16:52:33.716                          │
└─────────────────────────────────────────────────────────────────┘
  Item:        #249 (BB100)
  Applied:     {'on_so': '+5.0'}
  After:
    {'on_hand': 100, 'available': 100, 'allocated': 0, 'sell_default': 1, 'purchase_default': 1, 'on_po': 0.0, 'on_wo': 0.0, 'on_so': 5.0, 'invoiced': 0.0}

┌─────────────────────────────────────────────────────────────────┐
│  PENDING PROCESS START  │  16:52:34.072                             │
└─────────────────────────────────────────────────────────────────┘
  Item:        #250 (BB005)
  Records:     1 pending record(s) to process
  Before:
    {'on_hand': 100, 'available': 100, 'allocated': 0, 'sell_default': 1, 'purchase_default': 1, 'on_po': 0, 'on_wo': 0, 'on_so': 0, 'invoiced': 0}

┌─────────────────────────────────────────────────────────────────┐
│  PENDING PROCESS COMPLETE  │  16:52:34.419                          │
└─────────────────────────────────────────────────────────────────┘
  Item:        #250 (BB005)
  Applied:     {'on_so': '+10.0'}
  After:
    {'on_hand': 100, 'available': 100, 'allocated': 0, 'sell_default': 1, 'purchase_default': 1, 'on_po': 0.0, 'on_wo': 0.0, 'on_so': 10.0, 'invoiced': 0.0}

┌─────────────────────────────────────────────────────────────────┐
│  PENDING PROCESS START  │  16:52:34.704                             │
└─────────────────────────────────────────────────────────────────┘
  Item:        #251 (BB7F)
  Records:     1 pending record(s) to process
  Before:
    {'on_hand': 100, 'available': 100, 'allocated': 0, 'sell_default': 1, 'purchase_default': 1, 'on_po': 0, 'on_wo': 0, 'on_so': 0, 'invoiced': 0}

┌─────────────────────────────────────────────────────────────────┐
│  PENDING PROCESS COMPLETE  │  16:52:35.054                          │
└─────────────────────────────────────────────────────────────────┘
  Item:        #251 (BB7F)
  Applied:     {'on_so': '+3.0'}
  After:
    {'on_hand': 100, 'available': 100, 'allocated': 0, 'sell_default': 1, 'purchase_default': 1, 'on_po': 0.0, 'on_wo': 0.0, 'on_so': 3.0, 'invoiced': 0.0}

======================================================================
  TRACE ENDED: 2026-01-16 16:52:35
======================================================================
