
═══ TRACE ENABLED ═══
Watching items: [249, 250, 251]
Log file: /Users/williamjames/Documents/CommerceExpert/webClerk3/logs/trace_20260116_170135.log


======================================================================
  TRANSACTION TRACE LOG
  Started: 2026-01-16 17:01:35
  Items:   [249, 250, 251]
  Log:     /Users/williamjames/Documents/CommerceExpert/webClerk3/logs/trace_20260116_170135.log
======================================================================

┌─────────────────────────────────────────────────────────────────┐
│  LINE ADD  │  17:01:35.301                                           │
└─────────────────────────────────────────────────────────────────┘
  Transaction: purchaseorder #40 (40)
  Item:        #249 (BB100)
  Line PK:     52
  Quantity:    20.0
  Unit Price:  $0.0000
  Unit Cost:   $5.0000

┌─────────────────────────────────────────────────────────────────┐
│  PENDING CREATED  │  17:01:35.464                                    │
└─────────────────────────────────────────────────────────────────┘
  Pending PK:  33
  Purpose:     inventory_line_add
  Type:        PO
  Item:        #249 (BB100)
  Deltas:      {'on_po': 20.0}

┌─────────────────────────────────────────────────────────────────┐
│  LINE ADD  │  17:01:35.762                                           │
└─────────────────────────────────────────────────────────────────┘
  Transaction: purchaseorder #40 (40)
  Item:        #250 (BB005)
  Line PK:     53
  Quantity:    50.0
  Unit Price:  $0.0000
  Unit Cost:   $3.0000

┌─────────────────────────────────────────────────────────────────┐
│  PENDING CREATED  │  17:01:35.932                                    │
└─────────────────────────────────────────────────────────────────┘
  Pending PK:  34
  Purpose:     inventory_line_add
  Type:        PO
  Item:        #250 (BB005)
  Deltas:      {'on_po': 50.0}

┌─────────────────────────────────────────────────────────────────┐
│  LINE ADD  │  17:01:36.290                                           │
└─────────────────────────────────────────────────────────────────┘
  Transaction: purchaseorder #40 (40)
  Item:        #251 (BB7F)
  Line PK:     54
  Quantity:    15.0
  Unit Price:  $0.0000
  Unit Cost:   $8.0000

┌─────────────────────────────────────────────────────────────────┐
│  PENDING CREATED  │  17:01:36.455                                    │
└─────────────────────────────────────────────────────────────────┘
  Pending PK:  35
  Purpose:     inventory_line_add
  Type:        PO
  Item:        #251 (BB7F)
  Deltas:      {'on_po': 15.0}

┌─────────────────────────────────────────────────────────────────┐
│  PENDING PROCESS START  │  17:01:36.697                             │
└─────────────────────────────────────────────────────────────────┘
  Item:        #249 (BB100)
  Records:     1 pending record(s) to process
  Before:
    {'on_hand': 100, 'on_po': 0, 'on_wo': 0, 'on_so': 0, 'invoiced': 0}

┌─────────────────────────────────────────────────────────────────┐
│  PENDING PROCESS COMPLETE  │  17:01:37.047                          │
└─────────────────────────────────────────────────────────────────┘
  Item:        #249 (BB100)
  Applied:     {'on_po': '+20.0'}
  After:
    {'on_hand': 100, 'on_po': 20.0, 'on_wo': 0.0, 'on_so': 0.0, 'invoiced': 0.0}

┌─────────────────────────────────────────────────────────────────┐
│  PENDING PROCESS START  │  17:01:37.111                             │
└─────────────────────────────────────────────────────────────────┘
  Item:        #250 (BB005)
  Records:     1 pending record(s) to process
  Before:
    {'on_hand': 100, 'on_po': 0, 'on_wo': 0, 'on_so': 0, 'invoiced': 0}

┌─────────────────────────────────────────────────────────────────┐
│  PENDING PROCESS COMPLETE  │  17:01:37.403                          │
└─────────────────────────────────────────────────────────────────┘
  Item:        #250 (BB005)
  Applied:     {'on_po': '+50.0'}
  After:
    {'on_hand': 100, 'on_po': 50.0, 'on_wo': 0.0, 'on_so': 0.0, 'invoiced': 0.0}

┌─────────────────────────────────────────────────────────────────┐
│  PENDING PROCESS START  │  17:01:37.505                             │
└─────────────────────────────────────────────────────────────────┘
  Item:        #251 (BB7F)
  Records:     1 pending record(s) to process
  Before:
    {'on_hand': 100, 'on_po': 0, 'on_wo': 0, 'on_so': 0, 'invoiced': 0}

┌─────────────────────────────────────────────────────────────────┐
│  PENDING PROCESS COMPLETE  │  17:01:37.803                          │
└─────────────────────────────────────────────────────────────────┘
  Item:        #251 (BB7F)
  Applied:     {'on_po': '+15.0'}
  After:
    {'on_hand': 100, 'on_po': 15.0, 'on_wo': 0.0, 'on_so': 0.0, 'invoiced': 0.0}

======================================================================
  TRACE ENDED: 2026-01-16 17:01:38
======================================================================
