
═══ TRACE ENABLED ═══
Watching items: [249, 250, 251]
Log file: /Users/williamjames/Documents/CommerceExpert/webClerk3/logs/trace_20260116_164425.log


======================================================================
  TRANSACTION TRACE LOG
  Started: 2026-01-16 16:44:25
  Items:   [249, 250, 251]
  Log:     /Users/williamjames/Documents/CommerceExpert/webClerk3/logs/trace_20260116_164425.log
======================================================================

┌─────────────────────────────────────────────────────────────────┐
│  LINE ADD  │  16:44:27.496                                           │
└─────────────────────────────────────────────────────────────────┘
  Transaction: proposal #48 (TEST-PROP-001)
  Item:        #249 (BB100)
  Line PK:     115
  Quantity:    5.0
  Unit Price:  $0.0000
  Unit Cost:   $0.0000

┌─────────────────────────────────────────────────────────────────┐
│  LINE ADD  │  16:44:28.266                                           │
└─────────────────────────────────────────────────────────────────┘
  Transaction: proposal #48 (TEST-PROP-001)
  Item:        #250 (BB005)
  Line PK:     116
  Quantity:    10.0
  Unit Price:  $0.0000
  Unit Cost:   $0.0000

┌─────────────────────────────────────────────────────────────────┐
│  LINE ADD  │  16:44:29.189                                           │
└─────────────────────────────────────────────────────────────────┘
  Transaction: proposal #48 (TEST-PROP-001)
  Item:        #251 (BB7F)
  Line PK:     117
  Quantity:    3.0
  Unit Price:  $0.0000
  Unit Cost:   $0.0000

======================================================================
  TRACE ENDED: 2026-01-16 16:44:29
======================================================================
