INFO 2025-08-15 18:14:53,277 autoreload Watching for file changes with StatReloader
INFO 2025-08-15 18:28:37,845 command Visit me at http://0.0.0.0:5555
INFO 2025-08-15 18:28:37,852 command Broker: redis://localhost:6379/0
INFO 2025-08-15 18:28:37,857 command Registered tasks: 
['celery.accumulate',
 'celery.backend_cleanup',
 'celery.chain',
 'celery.chord',
 'celery.chord_unlock',
 'celery.chunks',
 'celery.group',
 'celery.map',
 'celery.starmap',
 'communications.tasks.hello',
 'communications.tasks.save_post_contact',
 'communications.tasks.save_pre_contact',
 'core.tasks.celery_startup_task',
 'core.tasks.save_post',
 'core.tasks.save_pre']
INFO 2025-08-15 18:28:37,899 mixins Connected to redis://localhost:6379/0
WARNING 2025-08-15 18:28:38,932 inspector Inspect method revoked failed
WARNING 2025-08-15 18:28:38,932 inspector Inspect method stats failed
WARNING 2025-08-15 18:28:38,932 inspector Inspect method conf failed
WARNING 2025-08-15 18:28:38,932 inspector Inspect method scheduled failed
WARNING 2025-08-15 18:28:38,933 inspector Inspect method active failed
WARNING 2025-08-15 18:28:38,934 inspector Inspect method active_queues failed
WARNING 2025-08-15 18:28:38,934 inspector Inspect method reserved failed
WARNING 2025-08-15 18:28:38,934 inspector Inspect method registered failed
INFO 2025-08-15 18:30:26,974 command Visit me at http://0.0.0.0:5555
INFO 2025-08-15 18:30:26,981 command Broker: redis://localhost:6379/0
INFO 2025-08-15 18:30:26,984 command Registered tasks: 
['celery.accumulate',
 'celery.backend_cleanup',
 'celery.chain',
 'celery.chord',
 'celery.chord_unlock',
 'celery.chunks',
 'celery.group',
 'celery.map',
 'celery.starmap',
 'communications.tasks.hello',
 'communications.tasks.save_post_contact',
 'communications.tasks.save_pre_contact',
 'core.tasks.celery_startup_task',
 'core.tasks.save_post',
 'core.tasks.save_pre']
INFO 2025-08-15 18:30:26,988 mixins Connected to redis://localhost:6379/0
WARNING 2025-08-15 18:30:28,016 inspector Inspect method stats failed
WARNING 2025-08-15 18:30:28,017 inspector Inspect method conf failed
WARNING 2025-08-15 18:30:28,017 inspector Inspect method active_queues failed
WARNING 2025-08-15 18:30:28,017 inspector Inspect method revoked failed
WARNING 2025-08-15 18:30:28,018 inspector Inspect method active failed
WARNING 2025-08-15 18:30:28,018 inspector Inspect method scheduled failed
WARNING 2025-08-15 18:30:28,018 inspector Inspect method reserved failed
WARNING 2025-08-15 18:30:28,019 inspector Inspect method registered failed
INFO 2025-08-15 18:30:44,416 command Visit me at http://0.0.0.0:5555
INFO 2025-08-15 18:30:44,420 command Broker: redis://localhost:6379/0
INFO 2025-08-15 18:30:44,423 command Registered tasks: 
['celery.accumulate',
 'celery.backend_cleanup',
 'celery.chain',
 'celery.chord',
 'celery.chord_unlock',
 'celery.chunks',
 'celery.group',
 'celery.map',
 'celery.starmap',
 'communications.tasks.hello',
 'communications.tasks.save_post_contact',
 'communications.tasks.save_pre_contact',
 'core.tasks.celery_startup_task',
 'core.tasks.save_post',
 'core.tasks.save_pre']
INFO 2025-08-15 18:30:44,428 mixins Connected to redis://localhost:6379/0
WARNING 2025-08-15 18:30:45,446 inspector Inspect method active_queues failed
WARNING 2025-08-15 18:30:45,447 inspector Inspect method stats failed
WARNING 2025-08-15 18:30:45,448 inspector Inspect method reserved failed
WARNING 2025-08-15 18:30:45,448 inspector Inspect method scheduled failed
WARNING 2025-08-15 18:30:45,448 inspector Inspect method conf failed
WARNING 2025-08-15 18:30:45,449 inspector Inspect method revoked failed
WARNING 2025-08-15 18:30:45,449 inspector Inspect method registered failed
WARNING 2025-08-15 18:30:45,449 inspector Inspect method active failed
WARNING 2025-08-15 18:37:24,971 log Bad Request: /wcapi/save/
INFO 2025-08-15 18:37:25,998 save_view Saved contacts record 9
INFO 2025-08-15 18:37:26,976 save_view Saved emails record 1
INFO 2025-08-15 18:37:27,952 save_view Saved phones record 1
INFO 2025-08-15 19:49:21,196 autoreload Watching for file changes with StatReloader
INFO 2025-08-15 19:59:59,283 autoreload /Users/williamjames/Documents/CommerceExpert/webClerk3/common/models.py changed, reloading.
INFO 2025-08-15 20:00:00,113 autoreload Watching for file changes with StatReloader
INFO 2025-08-15 20:00:04,322 autoreload /Users/williamjames/Documents/CommerceExpert/webClerk3/common/models.py changed, reloading.
INFO 2025-08-15 20:00:04,978 autoreload Watching for file changes with StatReloader
INFO 2025-08-15 20:00:06,168 autoreload /Users/williamjames/Documents/CommerceExpert/webClerk3/common/models.py changed, reloading.
INFO 2025-08-15 20:00:06,567 autoreload Watching for file changes with StatReloader
INFO 2025-08-15 20:00:11,757 autoreload /Users/williamjames/Documents/CommerceExpert/webClerk3/common/models.py changed, reloading.
INFO 2025-08-15 20:00:12,350 autoreload Watching for file changes with StatReloader
INFO 2025-08-15 20:00:24,879 autoreload /Users/williamjames/Documents/CommerceExpert/webClerk3/common/models.py changed, reloading.
INFO 2025-08-15 20:00:25,367 autoreload Watching for file changes with StatReloader
INFO 2025-08-15 20:00:26,580 autoreload /Users/williamjames/Documents/CommerceExpert/webClerk3/common/models.py changed, reloading.
INFO 2025-08-15 20:00:27,070 autoreload Watching for file changes with StatReloader
INFO 2025-08-15 20:00:28,288 autoreload /Users/williamjames/Documents/CommerceExpert/webClerk3/common/models.py changed, reloading.
INFO 2025-08-15 20:00:28,791 autoreload Watching for file changes with StatReloader
INFO 2025-08-15 20:01:52,167 autoreload /Users/williamjames/Documents/CommerceExpert/webClerk3/common/models.py changed, reloading.
INFO 2025-08-15 20:01:52,883 autoreload Watching for file changes with StatReloader
INFO 2025-08-15 20:01:54,109 autoreload /Users/williamjames/Documents/CommerceExpert/webClerk3/common/models.py changed, reloading.
INFO 2025-08-15 20:01:55,020 autoreload Watching for file changes with StatReloader
INFO 2025-08-15 22:36:30,880 autoreload Watching for file changes with StatReloader
INFO 2025-08-15 22:36:52,009 autoreload Watching for file changes with StatReloader
WARNING 2025-08-15 22:37:04,278 log Not Found: /.well-known/appspecific/com.chrome.devtools.json
INFO 2025-08-16 02:07:58,224 autoreload Watching for file changes with StatReloader
INFO 2025-08-16 02:09:44,919 autoreload /Users/williamjames/Documents/CommerceExpert/webClerk3/core/models/__init__.py changed, reloading.
INFO 2025-08-16 02:09:45,265 autoreload Watching for file changes with StatReloader
INFO 2025-08-16 02:10:15,846 autoreload /Users/williamjames/Documents/CommerceExpert/webClerk3/core/models/__init__.py changed, reloading.
INFO 2025-08-16 02:10:16,174 autoreload Watching for file changes with StatReloader
INFO 2025-08-16 02:10:19,341 autoreload /Users/williamjames/Documents/CommerceExpert/webClerk3/core/models/__init__.py changed, reloading.
INFO 2025-08-16 02:10:19,664 autoreload Watching for file changes with StatReloader
INFO 2025-08-16 02:10:26,886 autoreload /Users/williamjames/Documents/CommerceExpert/webClerk3/core/models/__init__.py changed, reloading.
INFO 2025-08-16 02:10:27,211 autoreload Watching for file changes with StatReloader
INFO 2025-08-16 02:11:34,274 autoreload /Users/williamjames/Documents/CommerceExpert/webClerk3/communications/models/__init__.py changed, reloading.
INFO 2025-08-16 02:11:34,760 autoreload Watching for file changes with StatReloader
INFO 2025-08-16 02:13:29,550 autoreload /Users/williamjames/Documents/CommerceExpert/webClerk3/core/admin.py changed, reloading.
INFO 2025-08-16 02:13:29,949 autoreload Watching for file changes with StatReloader
WARNING 2025-08-16 02:13:56,967 log Not Found: /favicon.ico
INFO 2025-08-16 03:44:06,313 autoreload Watching for file changes with StatReloader
INFO 2025-08-16 03:45:07,477 autoreload /Users/williamjames/Documents/CommerceExpert/webClerk3/common/models.py changed, reloading.
INFO 2025-08-16 03:45:09,159 autoreload Watching for file changes with StatReloader
INFO 2025-08-16 03:50:26,387 autoreload /Users/williamjames/Documents/CommerceExpert/webClerk3/common/models.py changed, reloading.
INFO 2025-08-16 03:50:26,936 autoreload Watching for file changes with StatReloader
INFO 2025-08-16 03:50:46,664 autoreload /Users/williamjames/Documents/CommerceExpert/webClerk3/common/models.py changed, reloading.
INFO 2025-08-16 03:50:47,102 autoreload Watching for file changes with StatReloader
INFO 2025-08-16 03:51:08,815 autoreload /Users/williamjames/Documents/CommerceExpert/webClerk3/common/models.py changed, reloading.
INFO 2025-08-16 03:51:09,247 autoreload Watching for file changes with StatReloader
INFO 2025-08-16 04:14:24,673 autoreload /Users/williamjames/Documents/CommerceExpert/webClerk3/core/urls.py changed, reloading.
INFO 2025-08-16 04:14:25,240 autoreload Watching for file changes with StatReloader
INFO 2025-08-16 04:14:26,428 autoreload /Users/williamjames/Documents/CommerceExpert/webClerk3/core/urls.py changed, reloading.
INFO 2025-08-16 04:14:26,854 autoreload Watching for file changes with StatReloader
INFO 2025-08-16 04:17:06,567 autoreload /Users/williamjames/Documents/CommerceExpert/webClerk3/core/views/keyword.py changed, reloading.
INFO 2025-08-16 04:17:07,157 autoreload Watching for file changes with StatReloader
INFO 2025-08-16 04:17:08,363 autoreload /Users/williamjames/Documents/CommerceExpert/webClerk3/core/views/keyword.py changed, reloading.
INFO 2025-08-16 04:17:08,795 autoreload Watching for file changes with StatReloader
INFO 2025-08-16 04:19:26,907 autoreload /Users/williamjames/Documents/CommerceExpert/webClerk3/core/views/keyword.py changed, reloading.
INFO 2025-08-16 04:19:27,571 autoreload Watching for file changes with StatReloader
INFO 2025-08-16 04:19:31,882 autoreload /Users/williamjames/Documents/CommerceExpert/webClerk3/core/views/keyword.py changed, reloading.
INFO 2025-08-16 04:19:32,317 autoreload Watching for file changes with StatReloader
INFO 2025-08-16 04:20:15,568 autoreload /Users/williamjames/Documents/CommerceExpert/webClerk3/core/urls.py changed, reloading.
INFO 2025-08-16 04:20:16,003 autoreload Watching for file changes with StatReloader
INFO 2025-08-16 04:54:31,694 autoreload /Users/williamjames/Documents/CommerceExpert/webClerk3/core/urls.py changed, reloading.
INFO 2025-08-16 04:54:32,285 autoreload Watching for file changes with StatReloader
INFO 2025-08-16 04:54:33,474 autoreload /Users/williamjames/Documents/CommerceExpert/webClerk3/core/urls.py changed, reloading.
INFO 2025-08-16 04:54:33,891 autoreload Watching for file changes with StatReloader
INFO 2025-08-16 04:58:57,884 autoreload /Users/williamjames/Documents/CommerceExpert/webClerk3/core/urls.py changed, reloading.
INFO 2025-08-16 04:58:58,362 autoreload Watching for file changes with StatReloader
INFO 2025-08-16 05:05:40,137 autoreload /Users/williamjames/Documents/CommerceExpert/webClerk3/core/urls.py changed, reloading.
INFO 2025-08-16 05:05:40,727 autoreload Watching for file changes with StatReloader
INFO 2025-08-16 05:05:41,919 autoreload /Users/williamjames/Documents/CommerceExpert/webClerk3/core/urls.py changed, reloading.
INFO 2025-08-16 05:05:42,358 autoreload Watching for file changes with StatReloader
INFO 2025-08-16 05:05:47,660 autoreload /Users/williamjames/Documents/CommerceExpert/webClerk3/core/urls.py changed, reloading.
INFO 2025-08-16 05:05:48,076 autoreload Watching for file changes with StatReloader
INFO 2025-08-16 05:06:57,002 autoreload /Users/williamjames/Documents/CommerceExpert/webClerk3/core/views/model_info.py changed, reloading.
INFO 2025-08-16 05:06:57,487 autoreload Watching for file changes with StatReloader
INFO 2025-08-16 05:06:59,711 autoreload /Users/williamjames/Documents/CommerceExpert/webClerk3/core/views/model_info.py changed, reloading.
INFO 2025-08-16 05:07:00,148 autoreload Watching for file changes with StatReloader
INFO 2025-08-16 05:12:14,031 autoreload /Users/williamjames/Documents/CommerceExpert/webClerk3/core/views/model_info.py changed, reloading.
INFO 2025-08-16 05:12:14,483 autoreload Watching for file changes with StatReloader
INFO 2025-08-16 05:12:15,664 autoreload /Users/williamjames/Documents/CommerceExpert/webClerk3/core/views/model_info.py changed, reloading.
INFO 2025-08-16 05:12:16,071 autoreload Watching for file changes with StatReloader
INFO 2025-08-16 05:14:04,119 autoreload /Users/williamjames/Documents/CommerceExpert/webClerk3/core/urls.py changed, reloading.
INFO 2025-08-16 05:14:04,546 autoreload Watching for file changes with StatReloader
INFO 2025-08-16 05:14:05,747 autoreload /Users/williamjames/Documents/CommerceExpert/webClerk3/core/urls.py changed, reloading.
INFO 2025-08-16 05:14:06,194 autoreload Watching for file changes with StatReloader
INFO 2025-08-16 05:14:12,444 autoreload /Users/williamjames/Documents/CommerceExpert/webClerk3/core/urls.py changed, reloading.
INFO 2025-08-16 05:14:12,860 autoreload Watching for file changes with StatReloader
INFO 2025-08-16 05:14:17,057 autoreload /Users/williamjames/Documents/CommerceExpert/webClerk3/core/urls.py changed, reloading.
INFO 2025-08-16 05:14:17,477 autoreload Watching for file changes with StatReloader
INFO 2025-08-16 05:14:20,739 autoreload /Users/williamjames/Documents/CommerceExpert/webClerk3/core/urls.py changed, reloading.
INFO 2025-08-16 05:14:21,193 autoreload Watching for file changes with StatReloader
INFO 2025-08-16 05:59:55,158 autoreload /Users/williamjames/Documents/CommerceExpert/webClerk3/common/models.py changed, reloading.
INFO 2025-08-16 05:59:55,761 autoreload Watching for file changes with StatReloader
INFO 2025-08-16 05:59:56,963 autoreload /Users/williamjames/Documents/CommerceExpert/webClerk3/common/models.py changed, reloading.
INFO 2025-08-16 05:59:57,408 autoreload Watching for file changes with StatReloader
INFO 2025-08-16 06:00:06,835 autoreload /Users/williamjames/Documents/CommerceExpert/webClerk3/common/models.py changed, reloading.
INFO 2025-08-16 06:00:07,252 autoreload Watching for file changes with StatReloader
INFO 2025-08-16 06:00:10,500 autoreload /Users/williamjames/Documents/CommerceExpert/webClerk3/common/models.py changed, reloading.
INFO 2025-08-16 06:00:10,928 autoreload Watching for file changes with StatReloader
INFO 2025-08-16 06:00:13,151 autoreload /Users/williamjames/Documents/CommerceExpert/webClerk3/common/models.py changed, reloading.
INFO 2025-08-16 06:00:13,585 autoreload Watching for file changes with StatReloader
INFO 2025-08-16 06:00:15,799 autoreload /Users/williamjames/Documents/CommerceExpert/webClerk3/common/models.py changed, reloading.
INFO 2025-08-16 06:00:16,221 autoreload Watching for file changes with StatReloader
INFO 2025-08-16 06:00:19,452 autoreload /Users/williamjames/Documents/CommerceExpert/webClerk3/common/models.py changed, reloading.
INFO 2025-08-16 06:00:19,892 autoreload Watching for file changes with StatReloader
INFO 2025-08-16 06:00:26,202 autoreload /Users/williamjames/Documents/CommerceExpert/webClerk3/common/models.py changed, reloading.
INFO 2025-08-16 06:00:26,633 autoreload Watching for file changes with StatReloader
INFO 2025-08-16 06:00:28,838 autoreload /Users/williamjames/Documents/CommerceExpert/webClerk3/common/models.py changed, reloading.
INFO 2025-08-16 06:00:29,277 autoreload Watching for file changes with StatReloader
INFO 2025-08-16 06:02:21,657 autoreload /Users/williamjames/Documents/CommerceExpert/webClerk3/common/models.py changed, reloading.
INFO 2025-08-16 06:02:22,098 autoreload Watching for file changes with StatReloader
INFO 2025-08-16 06:03:41,249 autoreload /Users/williamjames/Documents/CommerceExpert/webClerk3/common/models.py changed, reloading.
INFO 2025-08-16 06:03:41,690 autoreload Watching for file changes with StatReloader
INFO 2025-08-16 06:03:42,877 autoreload /Users/williamjames/Documents/CommerceExpert/webClerk3/common/models.py changed, reloading.
INFO 2025-08-16 06:03:43,332 autoreload Watching for file changes with StatReloader
INFO 2025-08-16 06:04:30,854 autoreload /Users/williamjames/Documents/CommerceExpert/webClerk3/common/models.py changed, reloading.
INFO 2025-08-16 06:04:31,286 autoreload Watching for file changes with StatReloader
INFO 2025-08-16 06:05:30,184 autoreload /Users/williamjames/Documents/CommerceExpert/webClerk3/common/models.py changed, reloading.
INFO 2025-08-16 06:05:30,639 autoreload Watching for file changes with StatReloader
INFO 2025-08-16 13:37:48,392 autoreload Watching for file changes with StatReloader
WARNING 2025-08-16 13:38:04,836 log Not Found: /favicon.ico
WARNING 2025-08-16 13:39:27,250 log Not Found: /favicon.ico
WARNING 2025-08-16 13:39:27,264 log Not Found: /favicon.ico
INFO 2025-08-16 15:15:35,099 autoreload Watching for file changes with StatReloader
WARNING 2025-08-16 15:15:43,188 log Not Found: /favicon.ico
ERROR 2025-08-16 15:27:33,737 log Internal Server Error: /wcapi/save/
WARNING 2025-08-16 15:28:19,120 log Not Found: /.well-known/appspecific/com.chrome.devtools.json
WARNING 2025-08-16 15:29:51,280 log Not Found: /.well-known/appspecific/com.chrome.devtools.json
WARNING 2025-08-16 15:29:53,551 log Not Found: /.well-known/appspecific/com.chrome.devtools.json
WARNING 2025-08-16 15:35:17,546 log Not Found: /.well-known/appspecific/com.chrome.devtools.json
WARNING 2025-08-16 16:18:32,294 log Not Found: /.well-known/appspecific/com.chrome.devtools.json
INFO 2025-08-16 16:42:25,107 autoreload Watching for file changes with StatReloader
WARNING 2025-08-16 16:42:38,846 log Not Found: /.well-known/appspecific/com.chrome.devtools.json
INFO 2025-08-16 20:40:18,673 autoreload Watching for file changes with StatReloader
INFO 2025-08-16 20:45:23,005 autoreload /Users/williamjames/Documents/CommerceExpert/webClerk3/core/admin.py changed, reloading.
INFO 2025-08-16 20:45:23,650 autoreload Watching for file changes with StatReloader
INFO 2025-08-16 20:45:30,013 autoreload /Users/williamjames/Documents/CommerceExpert/webClerk3/core/admin.py changed, reloading.
INFO 2025-08-16 20:45:30,455 autoreload Watching for file changes with StatReloader
INFO 2025-08-16 20:45:31,644 autoreload /Users/williamjames/Documents/CommerceExpert/webClerk3/core/admin.py changed, reloading.
INFO 2025-08-16 20:45:32,051 autoreload Watching for file changes with StatReloader
INFO 2025-08-16 20:45:37,358 autoreload /Users/williamjames/Documents/CommerceExpert/webClerk3/core/admin.py changed, reloading.
INFO 2025-08-16 20:45:37,773 autoreload Watching for file changes with StatReloader
INFO 2025-08-16 20:45:39,989 autoreload /Users/williamjames/Documents/CommerceExpert/webClerk3/core/admin.py changed, reloading.
INFO 2025-08-16 20:45:40,397 autoreload Watching for file changes with StatReloader
INFO 2025-08-16 20:45:58,231 autoreload /Users/williamjames/Documents/CommerceExpert/webClerk3/core/admin.py changed, reloading.
INFO 2025-08-16 20:45:58,642 autoreload Watching for file changes with StatReloader
INFO 2025-08-16 20:46:02,948 autoreload /Users/williamjames/Documents/CommerceExpert/webClerk3/core/admin.py changed, reloading.
INFO 2025-08-16 20:46:03,388 autoreload Watching for file changes with StatReloader
INFO 2025-08-16 20:46:04,560 autoreload /Users/williamjames/Documents/CommerceExpert/webClerk3/core/admin.py changed, reloading.
INFO 2025-08-16 20:46:04,984 autoreload Watching for file changes with StatReloader
INFO 2025-08-16 20:46:08,236 autoreload /Users/williamjames/Documents/CommerceExpert/webClerk3/core/admin.py changed, reloading.
INFO 2025-08-16 20:46:08,653 autoreload Watching for file changes with StatReloader
INFO 2025-08-16 20:46:09,832 autoreload /Users/williamjames/Documents/CommerceExpert/webClerk3/core/admin.py changed, reloading.
INFO 2025-08-16 20:46:10,247 autoreload Watching for file changes with StatReloader
INFO 2025-08-16 20:46:37,454 autoreload /Users/williamjames/Documents/CommerceExpert/webClerk3/core/admin.py changed, reloading.
INFO 2025-08-16 20:46:37,859 autoreload Watching for file changes with StatReloader
ERROR 2025-08-16 20:49:37,026 log Internal Server Error: /admin/core/contact/2/change/
Traceback (most recent call last):
  File "/Users/williamjames/Documents/CommerceExpert/webClerk3/lib/python3.13/site-packages/django/contrib/admin/options.py", line 841, in get_form
    return modelform_factory(self.model, **defaults)
  File "/Users/williamjames/Documents/CommerceExpert/webClerk3/lib/python3.13/site-packages/django/forms/models.py", line 655, in modelform_factory
    return type(form)(class_name, (form,), form_class_attrs)
           ~~~~~~~~~~^^^^^^^^^^^^^^^^^^^^^^^^^^^^^^^^^^^^^^^
  File "/Users/williamjames/Documents/CommerceExpert/webClerk3/lib/python3.13/site-packages/django/forms/models.py", line 335, in __new__
    raise FieldError(message)
django.core.exceptions.FieldError: Unknown field(s) (prefs, refs) specified for Contact

During handling of the above exception, another exception occurred:

Traceback (most recent call last):
  File "/Users/williamjames/Documents/CommerceExpert/webClerk3/lib/python3.13/site-packages/django/core/handlers/exception.py", line 56, in inner
    response = get_response(request)
  File "/Users/williamjames/Documents/CommerceExpert/webClerk3/lib/python3.13/site-packages/django/core/handlers/base.py", line 198, in _get_response
    response = wrapped_callback(request, *callback_args, **callback_kwargs)
  File "/Users/williamjames/Documents/CommerceExpert/webClerk3/lib/python3.13/site-packages/django/contrib/admin/options.py", line 720, in wrapper
    return self.admin_site.admin_view(view)(*args, **kwargs)
           ~~~~~~~~~~~~~~~~~~~~~~~~~~~~~~~~^^^^^^^^^^^^^^^^^
  File "/Users/williamjames/Documents/CommerceExpert/webClerk3/lib/python3.13/site-packages/django/utils/decorators.py", line 193, in _view_wrapper
    result = _process_exception(request, e)
  File "/Users/williamjames/Documents/CommerceExpert/webClerk3/lib/python3.13/site-packages/django/utils/decorators.py", line 191, in _view_wrapper
    response = view_func(request, *args, **kwargs)
  File "/Users/williamjames/Documents/CommerceExpert/webClerk3/lib/python3.13/site-packages/django/views/decorators/cache.py", line 81, in _view_wrapper
    response = view_func(request, *args, **kwargs)
  File "/Users/williamjames/Documents/CommerceExpert/webClerk3/lib/python3.13/site-packages/django/contrib/admin/sites.py", line 247, in inner
    return view(request, *args, **kwargs)
  File "/Users/williamjames/Documents/CommerceExpert/webClerk3/lib/python3.13/site-packages/django/contrib/admin/options.py", line 1988, in change_view
    return self.changeform_view(request, object_id, form_url, extra_context)
           ~~~~~~~~~~~~~~~~~~~~^^^^^^^^^^^^^^^^^^^^^^^^^^^^^^^^^^^^^^^^^^^^^
  File "/Users/williamjames/Documents/CommerceExpert/webClerk3/lib/python3.13/site-packages/django/utils/decorators.py", line 49, in _wrapper
    return bound_method(*args, **kwargs)
  File "/Users/williamjames/Documents/CommerceExpert/webClerk3/lib/python3.13/site-packages/django/utils/decorators.py", line 193, in _view_wrapper
    result = _process_exception(request, e)
  File "/Users/williamjames/Documents/CommerceExpert/webClerk3/lib/python3.13/site-packages/django/utils/decorators.py", line 191, in _view_wrapper
    response = view_func(request, *args, **kwargs)
  File "/Users/williamjames/Documents/CommerceExpert/webClerk3/lib/python3.13/site-packages/django/contrib/admin/options.py", line 1841, in changeform_view
    return self._changeform_view(request, object_id, form_url, extra_context)
           ~~~~~~~~~~~~~~~~~~~~~^^^^^^^^^^^^^^^^^^^^^^^^^^^^^^^^^^^^^^^^^^^^^
  File "/Users/williamjames/Documents/CommerceExpert/webClerk3/lib/python3.13/site-packages/django/contrib/admin/options.py", line 1879, in _changeform_view
    ModelForm = self.get_form(
        request, obj, change=not add, fields=flatten_fieldsets(fieldsets)
    )
  File "/Users/williamjames/Documents/CommerceExpert/webClerk3/lib/python3.13/site-packages/django/contrib/auth/admin.py", line 99, in get_form
    return super().get_form(request, obj, **defaults)
           ~~~~~~~~~~~~~~~~^^^^^^^^^^^^^^^^^^^^^^^^^^
  File "/Users/williamjames/Documents/CommerceExpert/webClerk3/lib/python3.13/site-packages/django/contrib/admin/options.py", line 843, in get_form
    raise FieldError(
    ...<2 lines>...
    )
django.core.exceptions.FieldError: Unknown field(s) (prefs, refs) specified for Contact. Check fields/fieldsets/exclude attributes of class ContactAdmin.
ERROR 2025-08-16 20:49:48,843 log Internal Server Error: /admin/core/contact/5/change/
Traceback (most recent call last):
  File "/Users/williamjames/Documents/CommerceExpert/webClerk3/lib/python3.13/site-packages/django/contrib/admin/options.py", line 841, in get_form
    return modelform_factory(self.model, **defaults)
  File "/Users/williamjames/Documents/CommerceExpert/webClerk3/lib/python3.13/site-packages/django/forms/models.py", line 655, in modelform_factory
    return type(form)(class_name, (form,), form_class_attrs)
           ~~~~~~~~~~^^^^^^^^^^^^^^^^^^^^^^^^^^^^^^^^^^^^^^^
  File "/Users/williamjames/Documents/CommerceExpert/webClerk3/lib/python3.13/site-packages/django/forms/models.py", line 335, in __new__
    raise FieldError(message)
django.core.exceptions.FieldError: Unknown field(s) (prefs, refs) specified for Contact

During handling of the above exception, another exception occurred:

Traceback (most recent call last):
  File "/Users/williamjames/Documents/CommerceExpert/webClerk3/lib/python3.13/site-packages/django/core/handlers/exception.py", line 56, in inner
    response = get_response(request)
  File "/Users/williamjames/Documents/CommerceExpert/webClerk3/lib/python3.13/site-packages/django/core/handlers/base.py", line 198, in _get_response
    response = wrapped_callback(request, *callback_args, **callback_kwargs)
  File "/Users/williamjames/Documents/CommerceExpert/webClerk3/lib/python3.13/site-packages/django/contrib/admin/options.py", line 720, in wrapper
    return self.admin_site.admin_view(view)(*args, **kwargs)
           ~~~~~~~~~~~~~~~~~~~~~~~~~~~~~~~~^^^^^^^^^^^^^^^^^
  File "/Users/williamjames/Documents/CommerceExpert/webClerk3/lib/python3.13/site-packages/django/utils/decorators.py", line 193, in _view_wrapper
    result = _process_exception(request, e)
  File "/Users/williamjames/Documents/CommerceExpert/webClerk3/lib/python3.13/site-packages/django/utils/decorators.py", line 191, in _view_wrapper
    response = view_func(request, *args, **kwargs)
  File "/Users/williamjames/Documents/CommerceExpert/webClerk3/lib/python3.13/site-packages/django/views/decorators/cache.py", line 81, in _view_wrapper
    response = view_func(request, *args, **kwargs)
  File "/Users/williamjames/Documents/CommerceExpert/webClerk3/lib/python3.13/site-packages/django/contrib/admin/sites.py", line 247, in inner
    return view(request, *args, **kwargs)
  File "/Users/williamjames/Documents/CommerceExpert/webClerk3/lib/python3.13/site-packages/django/contrib/admin/options.py", line 1988, in change_view
    return self.changeform_view(request, object_id, form_url, extra_context)
           ~~~~~~~~~~~~~~~~~~~~^^^^^^^^^^^^^^^^^^^^^^^^^^^^^^^^^^^^^^^^^^^^^
  File "/Users/williamjames/Documents/CommerceExpert/webClerk3/lib/python3.13/site-packages/django/utils/decorators.py", line 49, in _wrapper
    return bound_method(*args, **kwargs)
  File "/Users/williamjames/Documents/CommerceExpert/webClerk3/lib/python3.13/site-packages/django/utils/decorators.py", line 193, in _view_wrapper
    result = _process_exception(request, e)
  File "/Users/williamjames/Documents/CommerceExpert/webClerk3/lib/python3.13/site-packages/django/utils/decorators.py", line 191, in _view_wrapper
    response = view_func(request, *args, **kwargs)
  File "/Users/williamjames/Documents/CommerceExpert/webClerk3/lib/python3.13/site-packages/django/contrib/admin/options.py", line 1841, in changeform_view
    return self._changeform_view(request, object_id, form_url, extra_context)
           ~~~~~~~~~~~~~~~~~~~~~^^^^^^^^^^^^^^^^^^^^^^^^^^^^^^^^^^^^^^^^^^^^^
  File "/Users/williamjames/Documents/CommerceExpert/webClerk3/lib/python3.13/site-packages/django/contrib/admin/options.py", line 1879, in _changeform_view
    ModelForm = self.get_form(
        request, obj, change=not add, fields=flatten_fieldsets(fieldsets)
    )
  File "/Users/williamjames/Documents/CommerceExpert/webClerk3/lib/python3.13/site-packages/django/contrib/auth/admin.py", line 99, in get_form
    return super().get_form(request, obj, **defaults)
           ~~~~~~~~~~~~~~~~^^^^^^^^^^^^^^^^^^^^^^^^^^
  File "/Users/williamjames/Documents/CommerceExpert/webClerk3/lib/python3.13/site-packages/django/contrib/admin/options.py", line 843, in get_form
    raise FieldError(
    ...<2 lines>...
    )
django.core.exceptions.FieldError: Unknown field(s) (prefs, refs) specified for Contact. Check fields/fieldsets/exclude attributes of class ContactAdmin.
INFO 2025-08-16 21:07:06,746 autoreload /Users/williamjames/Documents/CommerceExpert/webClerk3/communications/models/domain.py changed, reloading.
INFO 2025-08-16 21:07:07,231 autoreload Watching for file changes with StatReloader
INFO 2025-08-17 00:00:11,607 autoreload Watching for file changes with StatReloader
INFO 2025-08-17 00:16:25,092 autoreload /Users/williamjames/Documents/CommerceExpert/webClerk3/common/models.py changed, reloading.
INFO 2025-08-17 00:16:25,501 autoreload Watching for file changes with StatReloader
INFO 2025-08-17 00:18:20,541 autoreload /Users/williamjames/Documents/CommerceExpert/webClerk3/common/models.py changed, reloading.
INFO 2025-08-17 00:18:20,881 autoreload Watching for file changes with StatReloader
INFO 2025-08-17 00:18:22,035 autoreload /Users/williamjames/Documents/CommerceExpert/webClerk3/common/models.py changed, reloading.
INFO 2025-08-17 00:18:22,340 autoreload Watching for file changes with StatReloader
INFO 2025-08-17 00:19:41,794 autoreload /Users/williamjames/Documents/CommerceExpert/webClerk3/common/models.py changed, reloading.
INFO 2025-08-17 00:19:42,211 autoreload Watching for file changes with StatReloader
INFO 2025-08-17 00:20:29,956 autoreload /Users/williamjames/Documents/CommerceExpert/webClerk3/common/models.py changed, reloading.
INFO 2025-08-17 00:20:30,364 autoreload Watching for file changes with StatReloader
INFO 2025-08-17 00:20:38,718 autoreload /Users/williamjames/Documents/CommerceExpert/webClerk3/common/models.py changed, reloading.
INFO 2025-08-17 00:20:39,161 autoreload Watching for file changes with StatReloader
INFO 2025-08-17 00:20:47,587 autoreload /Users/williamjames/Documents/CommerceExpert/webClerk3/common/models.py changed, reloading.
INFO 2025-08-17 00:20:48,019 autoreload Watching for file changes with StatReloader
INFO 2025-08-17 00:24:40,505 autoreload /Users/williamjames/Documents/CommerceExpert/webClerk3/common/models.py changed, reloading.
INFO 2025-08-17 00:24:40,875 autoreload Watching for file changes with StatReloader
INFO 2025-08-17 00:24:53,207 autoreload /Users/williamjames/Documents/CommerceExpert/webClerk3/common/models.py changed, reloading.
INFO 2025-08-17 00:24:53,635 autoreload Watching for file changes with StatReloader
INFO 2025-08-17 00:30:22,362 autoreload /Users/williamjames/Documents/CommerceExpert/webClerk3/communications/migrations/0001_initial.py changed, reloading.
INFO 2025-08-17 00:30:22,756 autoreload Watching for file changes with StatReloader
INFO 2025-08-17 00:39:44,010 autoreload /Users/williamjames/Documents/CommerceExpert/webClerk3/webclerk3_api/settings.py changed, reloading.
INFO 2025-08-17 00:39:44,408 autoreload Watching for file changes with StatReloader
INFO 2025-08-17 00:39:49,709 autoreload /Users/williamjames/Documents/CommerceExpert/webClerk3/webclerk3_api/settings.py changed, reloading.
INFO 2025-08-17 00:39:50,051 autoreload Watching for file changes with StatReloader
INFO 2025-08-17 00:40:05,447 autoreload /Users/williamjames/Documents/CommerceExpert/webClerk3/webclerk3_api/settings.py changed, reloading.
INFO 2025-08-17 00:40:05,848 autoreload Watching for file changes with StatReloader
INFO 2025-08-17 00:40:08,058 autoreload /Users/williamjames/Documents/CommerceExpert/webClerk3/webclerk3_api/settings.py changed, reloading.
INFO 2025-08-17 00:40:08,395 autoreload Watching for file changes with StatReloader
INFO 2025-08-17 00:40:14,629 autoreload /Users/williamjames/Documents/CommerceExpert/webClerk3/webclerk3_api/settings.py changed, reloading.
INFO 2025-08-17 00:40:14,997 autoreload Watching for file changes with StatReloader
INFO 2025-08-17 00:40:17,177 autoreload /Users/williamjames/Documents/CommerceExpert/webClerk3/webclerk3_api/settings.py changed, reloading.
INFO 2025-08-17 00:40:17,469 autoreload Watching for file changes with StatReloader
INFO 2025-08-17 00:40:21,673 autoreload /Users/williamjames/Documents/CommerceExpert/webClerk3/webclerk3_api/settings.py changed, reloading.
INFO 2025-08-17 00:40:21,951 autoreload Watching for file changes with StatReloader
INFO 2025-08-17 00:41:24,221 autoreload /Users/williamjames/Documents/CommerceExpert/webClerk3/webclerk3_api/settings.py changed, reloading.
INFO 2025-08-17 00:41:24,520 autoreload Watching for file changes with StatReloader
INFO 2025-08-17 00:41:26,683 autoreload /Users/williamjames/Documents/CommerceExpert/webClerk3/webclerk3_api/settings.py changed, reloading.
INFO 2025-08-17 00:41:26,980 autoreload Watching for file changes with StatReloader
INFO 2025-08-17 00:41:30,168 autoreload /Users/williamjames/Documents/CommerceExpert/webClerk3/webclerk3_api/settings.py changed, reloading.
INFO 2025-08-17 00:41:30,464 autoreload Watching for file changes with StatReloader
INFO 2025-08-17 00:41:34,684 autoreload /Users/williamjames/Documents/CommerceExpert/webClerk3/webclerk3_api/settings.py changed, reloading.
INFO 2025-08-17 00:41:34,972 autoreload Watching for file changes with StatReloader
INFO 2025-08-17 00:41:37,147 autoreload /Users/williamjames/Documents/CommerceExpert/webClerk3/webclerk3_api/settings.py changed, reloading.
INFO 2025-08-17 00:41:37,466 autoreload Watching for file changes with StatReloader
INFO 2025-08-17 00:41:40,651 autoreload /Users/williamjames/Documents/CommerceExpert/webClerk3/webclerk3_api/settings.py changed, reloading.
INFO 2025-08-17 00:41:40,958 autoreload Watching for file changes with StatReloader
INFO 2025-08-17 00:41:46,140 autoreload /Users/williamjames/Documents/CommerceExpert/webClerk3/webclerk3_api/settings.py changed, reloading.
INFO 2025-08-17 00:41:46,441 autoreload Watching for file changes with StatReloader
INFO 2025-08-17 00:41:48,608 autoreload /Users/williamjames/Documents/CommerceExpert/webClerk3/webclerk3_api/settings.py changed, reloading.
INFO 2025-08-17 00:41:48,918 autoreload Watching for file changes with StatReloader
INFO 2025-08-17 00:41:52,097 autoreload /Users/williamjames/Documents/CommerceExpert/webClerk3/webclerk3_api/settings.py changed, reloading.
INFO 2025-08-17 00:41:52,397 autoreload Watching for file changes with StatReloader
INFO 2025-08-17 00:41:55,572 autoreload /Users/williamjames/Documents/CommerceExpert/webClerk3/webclerk3_api/settings.py changed, reloading.
INFO 2025-08-17 00:41:55,863 autoreload Watching for file changes with StatReloader
INFO 2025-08-17 00:41:57,022 autoreload /Users/williamjames/Documents/CommerceExpert/webClerk3/webclerk3_api/settings.py changed, reloading.
INFO 2025-08-17 00:41:57,328 autoreload Watching for file changes with StatReloader
INFO 2025-08-17 00:42:01,530 autoreload /Users/williamjames/Documents/CommerceExpert/webClerk3/webclerk3_api/settings.py changed, reloading.
INFO 2025-08-17 00:42:01,822 autoreload Watching for file changes with StatReloader
INFO 2025-08-17 00:42:06,012 autoreload /Users/williamjames/Documents/CommerceExpert/webClerk3/webclerk3_api/settings.py changed, reloading.
INFO 2025-08-17 00:42:06,304 autoreload Watching for file changes with StatReloader
INFO 2025-08-17 00:42:08,469 autoreload /Users/williamjames/Documents/CommerceExpert/webClerk3/webclerk3_api/settings.py changed, reloading.
INFO 2025-08-17 00:42:08,765 autoreload Watching for file changes with StatReloader
INFO 2025-08-17 00:42:48,658 autoreload /Users/williamjames/Documents/CommerceExpert/webClerk3/webclerk3_api/settings.py changed, reloading.
INFO 2025-08-17 00:42:48,950 autoreload Watching for file changes with StatReloader
INFO 2025-08-17 00:42:53,137 autoreload /Users/williamjames/Documents/CommerceExpert/webClerk3/webclerk3_api/settings.py changed, reloading.
INFO 2025-08-17 00:42:53,463 autoreload Watching for file changes with StatReloader
INFO 2025-08-17 00:43:15,010 autoreload /Users/williamjames/Documents/CommerceExpert/webClerk3/webclerk3_api/settings.py changed, reloading.
INFO 2025-08-17 00:43:15,307 autoreload Watching for file changes with StatReloader
INFO 2025-08-17 00:43:18,480 autoreload /Users/williamjames/Documents/CommerceExpert/webClerk3/webclerk3_api/settings.py changed, reloading.
INFO 2025-08-17 00:43:18,795 autoreload Watching for file changes with StatReloader
INFO 2025-08-17 00:43:21,992 autoreload /Users/williamjames/Documents/CommerceExpert/webClerk3/webclerk3_api/settings.py changed, reloading.
INFO 2025-08-17 00:43:22,322 autoreload Watching for file changes with StatReloader
INFO 2025-08-17 00:43:24,493 autoreload /Users/williamjames/Documents/CommerceExpert/webClerk3/webclerk3_api/settings.py changed, reloading.
INFO 2025-08-17 00:43:24,817 autoreload Watching for file changes with StatReloader
INFO 2025-08-17 00:43:26,993 autoreload /Users/williamjames/Documents/CommerceExpert/webClerk3/webclerk3_api/settings.py changed, reloading.
INFO 2025-08-17 00:43:27,354 autoreload Watching for file changes with StatReloader
INFO 2025-08-17 00:44:28,507 autoreload /Users/williamjames/Documents/CommerceExpert/webClerk3/webclerk3_api/settings.py changed, reloading.
INFO 2025-08-17 00:44:28,842 autoreload Watching for file changes with StatReloader
INFO 2025-08-17 00:44:54,446 autoreload /Users/williamjames/Documents/CommerceExpert/webClerk3/webclerk3_api/settings.py changed, reloading.
INFO 2025-08-17 00:44:54,745 autoreload Watching for file changes with StatReloader
INFO 2025-08-17 00:45:14,202 autoreload /Users/williamjames/Documents/CommerceExpert/webClerk3/webclerk3_api/settings.py changed, reloading.
INFO 2025-08-17 16:57:20,704 autoreload Watching for file changes with StatReloader
WARNING 2025-08-17 16:57:27,379 log Not Found: /favicon.ico
ERROR 2025-08-17 16:57:31,927 log Internal Server Error: /login/
Traceback (most recent call last):
  File "/Users/an7or/MyWork/BillJames/webClerk3/lib/python3.13/site-packages/django/core/handlers/exception.py", line 55, in inner
    response = get_response(request)
  File "/Users/an7or/MyWork/BillJames/webClerk3/lib/python3.13/site-packages/django/core/handlers/base.py", line 197, in _get_response
    response = wrapped_callback(request, *callback_args, **callback_kwargs)
  File "/Users/an7or/MyWork/BillJames/webClerk3/lib/python3.13/site-packages/django/views/generic/base.py", line 105, in view
    return self.dispatch(request, *args, **kwargs)
           ~~~~~~~~~~~~~^^^^^^^^^^^^^^^^^^^^^^^^^^
  File "/Users/an7or/MyWork/BillJames/webClerk3/lib/python3.13/site-packages/django/views/generic/base.py", line 144, in dispatch
    return handler(request, *args, **kwargs)
  File "/Users/an7or/MyWork/BillJames/webClerk3/core/views/auth_views.py", line 65, in get
    return render(request, self.template_name)
  File "/Users/an7or/MyWork/BillJames/webClerk3/lib/python3.13/site-packages/django/shortcuts.py", line 25, in render
    content = loader.render_to_string(template_name, context, request, using=using)
  File "/Users/an7or/MyWork/BillJames/webClerk3/lib/python3.13/site-packages/django/template/loader.py", line 61, in render_to_string
    template = get_template(template_name, using=using)
  File "/Users/an7or/MyWork/BillJames/webClerk3/lib/python3.13/site-packages/django/template/loader.py", line 19, in get_template
    raise TemplateDoesNotExist(template_name, chain=chain)
django.template.exceptions.TemplateDoesNotExist: auth/login.html
ERROR 2025-08-17 16:57:39,772 log Internal Server Error: /login/
Traceback (most recent call last):
  File "/Users/an7or/MyWork/BillJames/webClerk3/lib/python3.13/site-packages/django/core/handlers/exception.py", line 55, in inner
    response = get_response(request)
  File "/Users/an7or/MyWork/BillJames/webClerk3/lib/python3.13/site-packages/django/core/handlers/base.py", line 197, in _get_response
    response = wrapped_callback(request, *callback_args, **callback_kwargs)
  File "/Users/an7or/MyWork/BillJames/webClerk3/lib/python3.13/site-packages/django/views/generic/base.py", line 105, in view
    return self.dispatch(request, *args, **kwargs)
           ~~~~~~~~~~~~~^^^^^^^^^^^^^^^^^^^^^^^^^^
  File "/Users/an7or/MyWork/BillJames/webClerk3/lib/python3.13/site-packages/django/views/generic/base.py", line 144, in dispatch
    return handler(request, *args, **kwargs)
  File "/Users/an7or/MyWork/BillJames/webClerk3/core/views/auth_views.py", line 65, in get
    return render(request, self.template_name)
  File "/Users/an7or/MyWork/BillJames/webClerk3/lib/python3.13/site-packages/django/shortcuts.py", line 25, in render
    content = loader.render_to_string(template_name, context, request, using=using)
  File "/Users/an7or/MyWork/BillJames/webClerk3/lib/python3.13/site-packages/django/template/loader.py", line 61, in render_to_string
    template = get_template(template_name, using=using)
  File "/Users/an7or/MyWork/BillJames/webClerk3/lib/python3.13/site-packages/django/template/loader.py", line 19, in get_template
    raise TemplateDoesNotExist(template_name, chain=chain)
django.template.exceptions.TemplateDoesNotExist: auth/login.html
ERROR 2025-08-17 16:57:41,799 log Internal Server Error: /signup/
Traceback (most recent call last):
  File "/Users/an7or/MyWork/BillJames/webClerk3/lib/python3.13/site-packages/django/core/handlers/exception.py", line 55, in inner
    response = get_response(request)
  File "/Users/an7or/MyWork/BillJames/webClerk3/lib/python3.13/site-packages/django/core/handlers/base.py", line 197, in _get_response
    response = wrapped_callback(request, *callback_args, **callback_kwargs)
  File "/Users/an7or/MyWork/BillJames/webClerk3/lib/python3.13/site-packages/django/views/generic/base.py", line 105, in view
    return self.dispatch(request, *args, **kwargs)
           ~~~~~~~~~~~~~^^^^^^^^^^^^^^^^^^^^^^^^^^
  File "/Users/an7or/MyWork/BillJames/webClerk3/lib/python3.13/site-packages/django/views/generic/base.py", line 144, in dispatch
    return handler(request, *args, **kwargs)
  File "/Users/an7or/MyWork/BillJames/webClerk3/core/views/auth_views.py", line 14, in get
    return render(request, self.template_name)
  File "/Users/an7or/MyWork/BillJames/webClerk3/lib/python3.13/site-packages/django/shortcuts.py", line 25, in render
    content = loader.render_to_string(template_name, context, request, using=using)
  File "/Users/an7or/MyWork/BillJames/webClerk3/lib/python3.13/site-packages/django/template/loader.py", line 61, in render_to_string
    template = get_template(template_name, using=using)
  File "/Users/an7or/MyWork/BillJames/webClerk3/lib/python3.13/site-packages/django/template/loader.py", line 19, in get_template
    raise TemplateDoesNotExist(template_name, chain=chain)
django.template.exceptions.TemplateDoesNotExist: auth/signup.html
INFO 2025-08-17 17:00:17,645 autoreload /Users/an7or/MyWork/BillJames/webClerk3/core/views/auth_views.py changed, reloading.
INFO 2025-08-17 17:00:18,154 autoreload Watching for file changes with StatReloader
INFO 2025-08-17 17:00:23,436 autoreload /Users/an7or/MyWork/BillJames/webClerk3/core/views/auth_views.py changed, reloading.
INFO 2025-08-17 17:00:23,751 autoreload Watching for file changes with StatReloader
INFO 2025-08-17 17:00:39,328 autoreload /Users/an7or/MyWork/BillJames/webClerk3/core/views/auth_views.py changed, reloading.
INFO 2025-08-17 17:00:39,816 autoreload Watching for file changes with StatReloader
INFO 2025-08-17 17:02:01,248 autoreload /Users/an7or/MyWork/BillJames/webClerk3/core/views/auth_views.py changed, reloading.
INFO 2025-08-17 17:02:01,800 autoreload Watching for file changes with StatReloader
